current directory: /Users/musa/Test-project/vendor/bundle/ruby/3.3.0/gems/date-3.4.1/ext/date
/Users/musa/.asdf/installs/ruby/3.3.5/bin/ruby extconf.rb
checking for rb_category_warn()... yes
checking for timezone in time.h with  -Werror... yes
checking for altzone in time.h with  -Werror... no
creating Makefile

current directory: /Users/musa/Test-project/vendor/bundle/ruby/3.3.0/gems/date-3.4.1/ext/date
make DESTDIR\= sitearchdir\=./.gem.20251016-63487-el2ehl sitelibdir\=./.gem.20251016-63487-el2ehl clean

current directory: /Users/musa/Test-project/vendor/bundle/ruby/3.3.0/gems/date-3.4.1/ext/date
make DESTDIR\= sitearchdir\=./.gem.20251016-63487-el2ehl sitelibdir\=./.gem.20251016-63487-el2ehl
compiling date_core.c
compiling date_parse.c
compiling date_strftime.c
compiling date_strptime.c
linking shared-object date_core.bundle
ld: warning: -undefined dynamic_lookup may not work with chained fixups

current directory: /Users/musa/Test-project/vendor/bundle/ruby/3.3.0/gems/date-3.4.1/ext/date
make DESTDIR\= sitearchdir\=./.gem.20251016-63487-el2ehl sitelibdir\=./.gem.20251016-63487-el2ehl install
/usr/local/bin/ginstall -c -m 0755 date_core.bundle ./.gem.20251016-63487-el2ehl

current directory: /Users/musa/Test-project/vendor/bundle/ruby/3.3.0/gems/date-3.4.1/ext/date
make DESTDIR\= sitearchdir\=./.gem.20251016-63487-el2ehl sitelibdir\=./.gem.20251016-63487-el2ehl clean
