current directory: /Users/musa/Test-project/vendor/bundle/ruby/3.3.0/gems/ed25519-1.4.0/ext/ed25519_ref10
/Users/musa/.asdf/installs/ruby/3.3.5/bin/ruby extconf.rb
checking for whether -Wall is accepted as CFLAGS... yes
checking for whether -O3 is accepted as CFLAGS... yes
checking for whether -pedantic is accepted as CFLAGS... yes
checking for whether -std=c99 is accepted as CFLAGS... yes
creating Makefile

current directory: /Users/musa/Test-project/vendor/bundle/ruby/3.3.0/gems/ed25519-1.4.0/ext/ed25519_ref10
make DESTDIR\= sitearchdir\=./.gem.20251016-63487-tqslin sitelibdir\=./.gem.20251016-63487-tqslin clean

current directory: /Users/musa/Test-project/vendor/bundle/ruby/3.3.0/gems/ed25519-1.4.0/ext/ed25519_ref10
make DESTDIR\= sitearchdir\=./.gem.20251016-63487-tqslin sitelibdir\=./.gem.20251016-63487-tqslin
compiling ed25519_ref10.c
compiling fe.c
compiling ge.c
compiling keypair.c
compiling open.c
compiling sc_muladd.c
compiling sc_reduce.c
compiling sha512.c
compiling sign.c
compiling verify.c
linking shared-object ed25519_ref10.bundle
ld: warning: -undefined dynamic_lookup may not work with chained fixups

current directory: /Users/musa/Test-project/vendor/bundle/ruby/3.3.0/gems/ed25519-1.4.0/ext/ed25519_ref10
make DESTDIR\= sitearchdir\=./.gem.20251016-63487-tqslin sitelibdir\=./.gem.20251016-63487-tqslin install
/usr/local/bin/ginstall -c -m 0755 ed25519_ref10.bundle ./.gem.20251016-63487-tqslin

current directory: /Users/musa/Test-project/vendor/bundle/ruby/3.3.0/gems/ed25519-1.4.0/ext/ed25519_ref10
make DESTDIR\= sitearchdir\=./.gem.20251016-63487-tqslin sitelibdir\=./.gem.20251016-63487-tqslin clean
