current directory: /Users/musa/Test-project/vendor/bundle/ruby/3.3.0/gems/json-2.13.2/ext/json/ext/parser
/Users/musa/.asdf/installs/ruby/3.3.5/bin/ruby extconf.rb
checking for rb_enc_interned_str() in ruby/encoding.h... yes
checking for rb_hash_new_capa() in ruby.h... yes
checking for rb_hash_bulk_insert() in ruby.h... yes
checking for strnlen() in string.h... yes
checking for whether -std=c99 is accepted as CFLAGS... yes
checking for x86intrin.h... yes
checking for cpuid.h... yes
creating Makefile

current directory: /Users/musa/Test-project/vendor/bundle/ruby/3.3.0/gems/json-2.13.2/ext/json/ext/parser
make DESTDIR\= sitearchdir\=./.gem.20251016-63487-dhxwb7 sitelibdir\=./.gem.20251016-63487-dhxwb7 clean

current directory: /Users/musa/Test-project/vendor/bundle/ruby/3.3.0/gems/json-2.13.2/ext/json/ext/parser
make DESTDIR\= sitearchdir\=./.gem.20251016-63487-dhxwb7 sitelibdir\=./.gem.20251016-63487-dhxwb7
compiling parser.c
linking shared-object json/ext/parser.bundle
ld: warning: -undefined dynamic_lookup may not work with chained fixups

current directory: /Users/musa/Test-project/vendor/bundle/ruby/3.3.0/gems/json-2.13.2/ext/json/ext/parser
make DESTDIR\= sitearchdir\=./.gem.20251016-63487-dhxwb7 sitelibdir\=./.gem.20251016-63487-dhxwb7 install
/usr/local/bin/ginstall -c -m 0755 parser.bundle ./.gem.20251016-63487-dhxwb7/json/ext

current directory: /Users/musa/Test-project/vendor/bundle/ruby/3.3.0/gems/json-2.13.2/ext/json/ext/parser
make DESTDIR\= sitearchdir\=./.gem.20251016-63487-dhxwb7 sitelibdir\=./.gem.20251016-63487-dhxwb7 clean
